2026-06-26 21:55:10,208 INFO __main__ - Iniciando carteira mensal para 15 ativos
2026-06-26 21:55:30,705 ERROR yfinance - HTTP Error 404: {"quoteSummary":{"result":null,"error":{"code":"Not Found","description":"Quote not found for symbol: ELET3.SA"}}}
2026-06-26 21:55:31,341 ERROR yfinance - $ELET3.SA: possibly delisted; no timezone found
2026-06-26 21:55:31,342 ERROR yfinance - 
1 Failed download:
2026-06-26 21:55:31,342 ERROR yfinance - ['ELET3.SA']: possibly delisted; no timezone found
2026-06-26 21:55:35,534 ERROR yfinance - HTTP Error 404: {"quoteSummary":{"result":null,"error":{"code":"Not Found","description":"Quote not found for symbol: ELET3.SA"}}}
2026-06-26 21:55:36,134 ERROR yfinance - $ELET3.SA: possibly delisted; no timezone found
2026-06-26 21:55:36,136 ERROR yfinance - 
1 Failed download:
2026-06-26 21:55:36,136 ERROR yfinance - ['ELET3.SA']: possibly delisted; no timezone found
2026-06-26 21:55:37,149 ERROR yfinance - $ELET3.SA: possibly delisted; no timezone found
2026-06-26 21:55:37,151 ERROR yfinance - 
1 Failed download:
2026-06-26 21:55:37,151 ERROR yfinance - ['ELET3.SA']: possibly delisted; no timezone found
2026-06-26 21:55:40,299 ERROR yfinance - $ELET6.SA: possibly delisted; no timezone found
2026-06-26 21:55:40,300 ERROR yfinance - 
1 Failed download:
2026-06-26 21:55:40,300 ERROR yfinance - ['ELET6.SA']: possibly delisted; no timezone found
2026-06-26 21:55:40,806 ERROR yfinance - $ELET6.SA: possibly delisted; no timezone found
2026-06-26 21:55:40,807 ERROR yfinance - 
1 Failed download:
2026-06-26 21:55:40,808 ERROR yfinance - ['ELET6.SA']: possibly delisted; no timezone found
2026-06-26 21:55:41,817 ERROR yfinance - $ELET6.SA: possibly delisted; no timezone found
2026-06-26 21:55:41,818 ERROR yfinance - 
1 Failed download:
2026-06-26 21:55:41,819 ERROR yfinance - ['ELET6.SA']: possibly delisted; no timezone found
2026-06-26 21:55:50,468 ERROR yfinance - $IEEX.SA: possibly delisted; no timezone found
2026-06-26 21:55:50,469 ERROR yfinance - 
1 Failed download:
2026-06-26 21:55:50,469 ERROR yfinance - ['IEEX.SA']: possibly delisted; no timezone found
2026-06-26 21:55:50,976 ERROR yfinance - $IEEX.SA: possibly delisted; no timezone found
2026-06-26 21:55:50,977 ERROR yfinance - 
1 Failed download:
2026-06-26 21:55:50,978 ERROR yfinance - ['IEEX.SA']: possibly delisted; no timezone found
2026-06-26 21:55:51,983 ERROR yfinance - $IEEX.SA: possibly delisted; no timezone found
2026-06-26 21:55:51,983 ERROR yfinance - 
1 Failed download:
2026-06-26 21:55:51,984 ERROR yfinance - ['IEEX.SA']: possibly delisted; no timezone found
2026-06-26 21:55:54,594 ERROR yfinance - $ELET6.SA: possibly delisted; no timezone found
2026-06-26 21:55:54,595 ERROR yfinance - 
1 Failed download:
2026-06-26 21:55:54,595 ERROR yfinance - ['ELET6.SA']: possibly delisted; no timezone found
2026-06-26 21:55:55,100 ERROR yfinance - $ELET6.SA: possibly delisted; no timezone found
2026-06-26 21:55:55,101 ERROR yfinance - 
1 Failed download:
2026-06-26 21:55:55,101 ERROR yfinance - ['ELET6.SA']: possibly delisted; no timezone found
2026-06-26 21:55:56,107 ERROR yfinance - $ELET6.SA: possibly delisted; no timezone found
2026-06-26 21:55:56,109 ERROR yfinance - 
1 Failed download:
2026-06-26 21:55:56,109 ERROR yfinance - ['ELET6.SA']: possibly delisted; no timezone found
