Datas/retornos ex-post carregados:
  2026-01: linhas=78 IBOV=12.56%
  2026-02: linhas=78 IBOV=4.09%
  2026-03: linhas=78 IBOV=-0.70%
  2026-04: linhas=78 IBOV=-0.08%
  2026-05: linhas=78 IBOV=-7.22%
  2026-06: linhas=78 IBOV=-0.28%
TESTE-ANCORA (flags sombra desligadas):
  2026-01: PASSOU - reproduz carteira real
  2026-02: PASSOU - sem carteira como no real
  2026-03: PASSOU - sem carteira como no real
  2026-04: PASSOU - sem carteira como no real
  2026-05: PASSOU - sem carteira como no real
  2026-06: PASSOU - junho reproduz carteira real exatamente
PESOS_TESTE None: None
PESOS_TESTE None: None
PESOS_TESTE None: None
PESOS_TESTE None: None
PESOS_TESTE None: None
PESOS_TESTE None: None
PESOS_TESTE None: None
PESOS_TESTE None: None
PESOS_TESTE None: None
Rodando variantes de forca relativa continua:
VARIANTE ATUAL_BOOLEAN: forca atual 0-5 booleana
  2026-01: status=None alfa=-2.72% ret=9.84% ibov=12.56% tickers=ABEV3.SA,BBSE3.SA,EGIE3.SA,SBSP3.SA,VIVT3.SA,EMBJ3.SA,BPAC11.SA,BBDC3.SA,FLRY3.SA,RDOR3.SA,CPLE3.SA,COGN3.SA,PETR4.SA,B3SA3.SA,IGTI11.SA,MOTV3.SA,WEGE3.SA,VIVA3.SA,TOTS3.SA,CURY3.SA pesos=9.1%,6.2%,10.0%,11.3%,6.0%,4.4%,5.4%,8.8%,3.4%,3.6%,10.0%,4.7%,1.1%,2.3%,2.5%,2.5%,4.6%,3.7%,0.2%,0.2%
  2026-02: status=None alfa=0.08% ret=4.17% ibov=4.09% tickers=CURY3.SA,SLCE3.SA,YDUQ3.SA,EMBJ3.SA,CPLE3.SA,HYPE3.SA,ABEV3.SA,GOAU4.SA,MGLU3.SA,CMIN3.SA,BRAV3.SA,RDOR3.SA,VAMO3.SA,SBSP3.SA,SANB11.SA,ALOS3.SA,PETR3.SA,TIMS3.SA,VIVT3.SA,BBAS3.SA,MOTV3.SA,B3SA3.SA,FLRY3.SA pesos=10.4%,4.1%,4.9%,5.2%,7.3%,3.3%,3.3%,4.3%,2.0%,7.0%,0.8%,3.2%,6.2%,3.0%,4.2%,4.1%,5.4%,3.3%,6.2%,4.9%,1.9%,4.9%,0.1%
  2026-03: status=None alfa=-0.27% ret=-0.97% ibov=-0.70% tickers=CURY3.SA,BRAV3.SA,SLCE3.SA,ABEV3.SA,SBSP3.SA,TIMS3.SA,ASAI3.SA,MULT3.SA,ENGI11.SA,VBBR3.SA,ITSA4.SA,ALOS3.SA,RENT3.SA,BBAS3.SA pesos=7.8%,5.5%,8.7%,9.9%,13.9%,11.3%,0.2%,7.0%,5.6%,8.2%,5.8%,7.1%,3.0%,6.1%
  2026-04: status=None alfa=-2.48% ret=-2.56% ibov=-0.08% tickers=BRAV3.SA,VIVT3.SA,TIMS3.SA,SLCE3.SA,SBSP3.SA,MULT3.SA,CURY3.SA,ITSA4.SA,ASAI3.SA,B3SA3.SA,VBBR3.SA,CMIG4.SA,ENEV3.SA pesos=7.5%,16.6%,14.8%,10.8%,11.6%,4.9%,3.9%,5.6%,0.2%,1.7%,5.9%,12.1%,4.4%
  2026-05: status=None alfa=-2.58% ret=-9.80% ibov=-7.22% tickers=VIVT3.SA,SLCE3.SA,TIMS3.SA,CSMG3.SA,EGIE3.SA,MULT3.SA,ITSA4.SA,ISAE4.SA,B3SA3.SA,UGPA3.SA,SBSP3.SA,VBBR3.SA pesos=14.7%,9.8%,10.0%,9.7%,7.5%,6.4%,4.5%,8.7%,1.2%,11.3%,10.8%,5.3%
  2026-06: status=None alfa=1.41% ret=1.13% ibov=-0.28% tickers=PETR4.SA,VALE3.SA,BBSE3.SA,EGIE3.SA,GGBR4.SA,ABEV3.SA,BRAV3.SA,CPLE3.SA,ITSA4.SA,SBSP3.SA,CSMG3.SA,B3SA3.SA,IGTI11.SA pesos=5.7%,14.1%,8.8%,11.7%,11.8%,10.5%,10.5%,9.4%,4.3%,1.6%,9.6%,1.9%,0.2%
VARIANTE CONTINUA_PURA: forca relativa continua pura
  2026-01: status=None alfa=-2.50% ret=10.06% ibov=12.56% tickers=ABEV3.SA,BBSE3.SA,EGIE3.SA,SBSP3.SA,VIVT3.SA,EMBJ3.SA,BPAC11.SA,BBDC3.SA,FLRY3.SA,RDOR3.SA,CPLE3.SA,COGN3.SA,PETR4.SA,B3SA3.SA,IGTI11.SA,MOTV3.SA,WEGE3.SA,VIVA3.SA,TOTS3.SA,CURY3.SA pesos=7.0%,6.0%,9.2%,10.1%,5.9%,5.1%,4.8%,7.5%,5.2%,5.4%,8.1%,4.1%,2.7%,2.9%,3.4%,3.4%,5.1%,2.8%,1.2%,0.1%
  2026-02: status=None alfa=-0.21% ret=3.88% ibov=4.09% tickers=CURY3.SA,SLCE3.SA,YDUQ3.SA,EMBJ3.SA,CPLE3.SA,HYPE3.SA,ABEV3.SA,GOAU4.SA,MGLU3.SA,CMIN3.SA,BRAV3.SA,RDOR3.SA,VAMO3.SA,SBSP3.SA,SANB11.SA,ALOS3.SA,PETR3.SA,TIMS3.SA,VIVT3.SA,BBAS3.SA,MOTV3.SA,B3SA3.SA,FLRY3.SA pesos=10.2%,4.0%,5.7%,5.1%,7.8%,2.8%,3.2%,5.2%,2.3%,5.0%,0.2%,2.9%,7.5%,2.6%,4.3%,3.5%,7.5%,1.4%,4.3%,4.3%,3.9%,5.2%,1.2%
  2026-03: status=None alfa=-0.27% ret=-0.97% ibov=-0.70% tickers=CURY3.SA,BRAV3.SA,SLCE3.SA,ABEV3.SA,SBSP3.SA,TIMS3.SA,ASAI3.SA,MULT3.SA,ENGI11.SA,VBBR3.SA,ITSA4.SA,ALOS3.SA,RENT3.SA,BBAS3.SA pesos=7.8%,5.5%,8.7%,9.9%,13.9%,11.3%,0.2%,7.0%,5.6%,8.2%,5.8%,7.1%,3.0%,6.1%
  2026-04: status=None alfa=-2.48% ret=-2.56% ibov=-0.08% tickers=BRAV3.SA,VIVT3.SA,TIMS3.SA,SLCE3.SA,SBSP3.SA,MULT3.SA,CURY3.SA,ITSA4.SA,ASAI3.SA,B3SA3.SA,VBBR3.SA,CMIG4.SA,ENEV3.SA pesos=7.5%,16.6%,14.8%,10.8%,11.6%,4.9%,3.9%,5.6%,0.2%,1.7%,5.9%,12.1%,4.4%
  2026-05: status=None alfa=-2.58% ret=-9.80% ibov=-7.22% tickers=VIVT3.SA,SLCE3.SA,TIMS3.SA,CSMG3.SA,EGIE3.SA,MULT3.SA,ITSA4.SA,ISAE4.SA,B3SA3.SA,UGPA3.SA,SBSP3.SA,VBBR3.SA pesos=14.7%,9.8%,10.0%,9.7%,7.5%,6.4%,4.5%,8.7%,1.2%,11.3%,10.8%,5.3%
  2026-06: status=None alfa=0.37% ret=0.09% ibov=-0.28% tickers=VALE3.SA,BBSE3.SA,EGIE3.SA,PRIO3.SA,GGBR4.SA,ABEV3.SA,BRAV3.SA,ENEV3.SA,ITSA4.SA,SBSP3.SA,CSMG3.SA,B3SA3.SA,IGTI11.SA pesos=12.4%,9.3%,10.0%,6.6%,10.8%,13.1%,13.3%,11.8%,3.6%,0.2%,5.8%,2.0%,1.1%
VARIANTE CONTINUA_DESCONTO: forca relativa continua com desconto suave
  2026-01: status=None alfa=-2.50% ret=10.06% ibov=12.56% tickers=ABEV3.SA,BBSE3.SA,EGIE3.SA,SBSP3.SA,VIVT3.SA,EMBJ3.SA,BPAC11.SA,BBDC3.SA,FLRY3.SA,RDOR3.SA,CPLE3.SA,COGN3.SA,PETR4.SA,B3SA3.SA,IGTI11.SA,MOTV3.SA,WEGE3.SA,VIVA3.SA,TOTS3.SA,CURY3.SA pesos=7.0%,6.0%,9.2%,10.1%,5.9%,5.1%,4.8%,7.5%,5.2%,5.4%,8.1%,4.1%,2.7%,2.9%,3.4%,3.4%,5.1%,2.8%,1.2%,0.1%
  2026-02: status=None alfa=-0.21% ret=3.88% ibov=4.09% tickers=CURY3.SA,SLCE3.SA,YDUQ3.SA,EMBJ3.SA,CPLE3.SA,HYPE3.SA,ABEV3.SA,GOAU4.SA,MGLU3.SA,CMIN3.SA,BRAV3.SA,RDOR3.SA,VAMO3.SA,SBSP3.SA,SANB11.SA,ALOS3.SA,PETR3.SA,TIMS3.SA,VIVT3.SA,BBAS3.SA,MOTV3.SA,B3SA3.SA,FLRY3.SA pesos=10.2%,4.0%,5.7%,5.1%,7.8%,2.8%,3.2%,5.2%,2.3%,5.0%,0.2%,2.9%,7.5%,2.6%,4.3%,3.5%,7.5%,1.4%,4.3%,4.3%,3.9%,5.2%,1.2%
  2026-03: status=None alfa=-0.27% ret=-0.97% ibov=-0.70% tickers=CURY3.SA,BRAV3.SA,SLCE3.SA,ABEV3.SA,SBSP3.SA,TIMS3.SA,ASAI3.SA,MULT3.SA,ENGI11.SA,VBBR3.SA,ITSA4.SA,ALOS3.SA,RENT3.SA,BBAS3.SA pesos=7.8%,5.5%,8.7%,9.9%,13.9%,11.3%,0.2%,7.0%,5.6%,8.2%,5.8%,7.1%,3.0%,6.1%
  2026-04: status=None alfa=-2.48% ret=-2.56% ibov=-0.08% tickers=BRAV3.SA,VIVT3.SA,TIMS3.SA,SLCE3.SA,SBSP3.SA,MULT3.SA,CURY3.SA,ITSA4.SA,ASAI3.SA,B3SA3.SA,VBBR3.SA,CMIG4.SA,ENEV3.SA pesos=7.5%,16.6%,14.8%,10.8%,11.6%,4.9%,3.9%,5.6%,0.2%,1.7%,5.9%,12.1%,4.4%
  2026-05: status=None alfa=-2.58% ret=-9.80% ibov=-7.22% tickers=VIVT3.SA,SLCE3.SA,TIMS3.SA,CSMG3.SA,EGIE3.SA,MULT3.SA,ITSA4.SA,ISAE4.SA,B3SA3.SA,UGPA3.SA,SBSP3.SA,VBBR3.SA pesos=14.7%,9.8%,10.0%,9.7%,7.5%,6.4%,4.5%,8.7%,1.2%,11.3%,10.8%,5.3%
  2026-06: status=None alfa=0.37% ret=0.09% ibov=-0.28% tickers=VALE3.SA,BBSE3.SA,EGIE3.SA,PRIO3.SA,GGBR4.SA,ABEV3.SA,BRAV3.SA,ENEV3.SA,ITSA4.SA,SBSP3.SA,CSMG3.SA,B3SA3.SA,IGTI11.SA pesos=12.4%,9.3%,10.0%,6.6%,10.8%,13.1%,13.3%,11.8%,3.6%,0.2%,5.8%,2.0%,1.1%
RESUMO ACUMULADO:
  ATUAL_BOOLEAN ACUMULADO_6_MESES: ret=0.72% ibov=7.55% alfa=-6.84%
  ATUAL_BOOLEAN ACUMULADO_ALTA: ret=14.43% ibov=17.17% alfa=-2.74%
  ATUAL_BOOLEAN ACUMULADO_BAIXA: ret=-12.97% ibov=-7.94% alfa=-5.02%
  ATUAL_BOOLEAN ACUMULADO_JUN_OPORTUNIDADE: ret=1.13% ibov=-0.28% alfa=1.41%
  CONTINUA_PURA ACUMULADO_6_MESES: ret=-0.40% ibov=7.55% alfa=-7.96%
  CONTINUA_PURA ACUMULADO_ALTA: ret=14.34% ibov=17.17% alfa=-2.83%
  CONTINUA_PURA ACUMULADO_BAIXA: ret=-12.97% ibov=-7.94% alfa=-5.02%
  CONTINUA_PURA ACUMULADO_JUN_OPORTUNIDADE: ret=0.09% ibov=-0.28% alfa=0.37%
  CONTINUA_DESCONTO ACUMULADO_6_MESES: ret=-0.40% ibov=7.55% alfa=-7.96%
  CONTINUA_DESCONTO ACUMULADO_ALTA: ret=14.34% ibov=17.17% alfa=-2.83%
  CONTINUA_DESCONTO ACUMULADO_BAIXA: ret=-12.97% ibov=-7.94% alfa=-5.02%
  CONTINUA_DESCONTO ACUMULADO_JUN_OPORTUNIDADE: ret=0.09% ibov=-0.28% alfa=0.37%